curl  --retry-connrefused --retry 10 --retry-delay 1  http://18.234.191.172:5000:
{
  "message": "server is alive"
}
curl -X POST "http://${1}:5000/entry?plate=123-123-123&parkingLot=382":
{
  "ticket_id": 1
}
curl -X POST "http://${1}:5000/exit?ticketId=1":
{
  "charge": "0 $", 
  "license_plate": "123-123-123", 
  "parking_lot": 382, 
  "total_parked_time": "0 minutes"
}
